Archive member included to satisfy reference by file (symbol)

c:/users/dmn/.eclipse/com.st.stm32cube.ide.mcu.rcp.product_1.10.1_227914216_win32_win32_x86_64/plugins/com.st.stm32cube.ide.mcu.externaltools.gnu-tools-for-stm32.10.3-2021.10.win32_1.0.200.202301161003/tools/bin/../lib/gcc/arm-none-eabi/10.3.1/../../../../arm-none-eabi/lib/thumb/v7e-m+fp/hard\libc_nano.a(lib_a-errno.o)
                              ./Core/Src/syscalls.o (__errno)
c:/users/dmn/.eclipse/com.st.stm32cube.ide.mcu.rcp.product_1.10.1_227914216_win32_win32_x86_64/plugins/com.st.stm32cube.ide.mcu.externaltools.gnu-tools-for-stm32.10.3-2021.10.win32_1.0.200.202301161003/tools/bin/../lib/gcc/arm-none-eabi/10.3.1/../../../../arm-none-eabi/lib/thumb/v7e-m+fp/hard\libc_nano.a(lib_a-exit.o)
                              c:/users/dmn/.eclipse/com.st.stm32cube.ide.mcu.rcp.product_1.10.1_227914216_win32_win32_x86_64/plugins/com.st.stm32cube.ide.mcu.externaltools.gnu-tools-for-stm32.10.3-2021.10.win32_1.0.200.202301161003/tools/bin/../lib/gcc/arm-none-eabi/10.3.1/../../../../arm-none-eabi/lib/thumb/v7e-m+fp/hard/crt0.o (exit)
c:/users/dmn/.eclipse/com.st.stm32cube.ide.mcu.rcp.product_1.10.1_227914216_win32_win32_x86_64/plugins/com.st.stm32cube.ide.mcu.externaltools.gnu-tools-for-stm32.10.3-2021.10.win32_1.0.200.202301161003/tools/bin/../lib/gcc/arm-none-eabi/10.3.1/../../../../arm-none-eabi/lib/thumb/v7e-m+fp/hard\libc_nano.a(lib_a-impure.o)
                              c:/users/dmn/.eclipse/com.st.stm32cube.ide.mcu.rcp.product_1.10.1_227914216_win32_win32_x86_64/plugins/com.st.stm32cube.ide.mcu.externaltools.gnu-tools-for-stm32.10.3-2021.10.win32_1.0.200.202301161003/tools/bin/../lib/gcc/arm-none-eabi/10.3.1/../../../../arm-none-eabi/lib/thumb/v7e-m+fp/hard\libc_nano.a(lib_a-exit.o) (_global_impure_ptr)
c:/users/dmn/.eclipse/com.st.stm32cube.ide.mcu.rcp.product_1.10.1_227914216_win32_win32_x86_64/plugins/com.st.stm32cube.ide.mcu.externaltools.gnu-tools-for-stm32.10.3-2021.10.win32_1.0.200.202301161003/tools/bin/../lib/gcc/arm-none-eabi/10.3.1/../../../../arm-none-eabi/lib/thumb/v7e-m+fp/hard\libc_nano.a(lib_a-init.o)
                              c:/users/dmn/.eclipse/com.st.stm32cube.ide.mcu.rcp.product_1.10.1_227914216_win32_win32_x86_64/plugins/com.st.stm32cube.ide.mcu.externaltools.gnu-tools-for-stm32.10.3-2021.10.win32_1.0.200.202301161003/tools/bin/../lib/gcc/arm-none-eabi/10.3.1/../../../../arm-none-eabi/lib/thumb/v7e-m+fp/hard/crt0.o (__libc_init_array)
c:/users/dmn/.eclipse/com.st.stm32cube.ide.mcu.rcp.product_1.10.1_227914216_win32_win32_x86_64/plugins/com.st.stm32cube.ide.mcu.externaltools.gnu-tools-for-stm32.10.3-2021.10.win32_1.0.200.202301161003/tools/bin/../lib/gcc/arm-none-eabi/10.3.1/../../../../arm-none-eabi/lib/thumb/v7e-m+fp/hard\libc_nano.a(lib_a-memset.o)
                              c:/users/dmn/.eclipse/com.st.stm32cube.ide.mcu.rcp.product_1.10.1_227914216_win32_win32_x86_64/plugins/com.st.stm32cube.ide.mcu.externaltools.gnu-tools-for-stm32.10.3-2021.10.win32_1.0.200.202301161003/tools/bin/../lib/gcc/arm-none-eabi/10.3.1/../../../../arm-none-eabi/lib/thumb/v7e-m+fp/hard/crt0.o (memset)
c:/users/dmn/.eclipse/com.st.stm32cube.ide.mcu.rcp.product_1.10.1_227914216_win32_win32_x86_64/plugins/com.st.stm32cube.ide.mcu.externaltools.gnu-tools-for-stm32.10.3-2021.10.win32_1.0.200.202301161003/tools/bin/../lib/gcc/arm-none-eabi/10.3.1/thumb/v7e-m+fp/hard\libgcc.a(_aeabi_uldivmod.o)
                              ./Drivers/STM32F4xx_HAL_Driver/Src/stm32f4xx_hal_rcc.o (__aeabi_uldivmod)
c:/users/dmn/.eclipse/com.st.stm32cube.ide.mcu.rcp.product_1.10.1_227914216_win32_win32_x86_64/plugins/com.st.stm32cube.ide.mcu.externaltools.gnu-tools-for-stm32.10.3-2021.10.win32_1.0.200.202301161003/tools/bin/../lib/gcc/arm-none-eabi/10.3.1/thumb/v7e-m+fp/hard\libgcc.a(_udivmoddi4.o)
                              c:/users/dmn/.eclipse/com.st.stm32cube.ide.mcu.rcp.product_1.10.1_227914216_win32_win32_x86_64/plugins/com.st.stm32cube.ide.mcu.externaltools.gnu-tools-for-stm32.10.3-2021.10.win32_1.0.200.202301161003/tools/bin/../lib/gcc/arm-none-eabi/10.3.1/thumb/v7e-m+fp/hard\libgcc.a(_aeabi_uldivmod.o) (__udivmoddi4)
c:/users/dmn/.eclipse/com.st.stm32cube.ide.mcu.rcp.product_1.10.1_227914216_win32_win32_x86_64/plugins/com.st.stm32cube.ide.mcu.externaltools.gnu-tools-for-stm32.10.3-2021.10.win32_1.0.200.202301161003/tools/bin/../lib/gcc/arm-none-eabi/10.3.1/thumb/v7e-m+fp/hard\libgcc.a(_dvmd_tls.o)
                              c:/users/dmn/.eclipse/com.st.stm32cube.ide.mcu.rcp.product_1.10.1_227914216_win32_win32_x86_64/plugins/com.st.stm32cube.ide.mcu.externaltools.gnu-tools-for-stm32.10.3-2021.10.win32_1.0.200.202301161003/tools/bin/../lib/gcc/arm-none-eabi/10.3.1/thumb/v7e-m+fp/hard\libgcc.a(_aeabi_uldivmod.o) (__aeabi_ldiv0)

Discarded input sections

[...]
Memory Configuration

Name             Origin             Length             Attributes
RAM              0x0000000020000000 0x0000000000018000 xrw
FLASH            0x0000000008000000 0x0000000000080000 xr
*default*        0x0000000000000000 0xffffffffffffffff

Linker script and memory map

LOAD c:/users/dmn/.eclipse/com.st.stm32cube.ide.mcu.rcp.product_1.10.1_227914216_win32_win32_x86_64/plugins/com.st.stm32cube.ide.mcu.externaltools.gnu-tools-for-stm32.10.3-2021.10.win32_1.0.200.202301161003/tools/bin/../lib/gcc/arm-none-eabi/10.3.1/thumb/v7e-m+fp/hard/crti.o
LOAD c:/users/dmn/.eclipse/com.st.stm32cube.ide.mcu.rcp.product_1.10.1_227914216_win32_win32_x86_64/plugins/com.st.stm32cube.ide.mcu.externaltools.gnu-tools-for-stm32.10.3-2021.10.win32_1.0.200.202301161003/tools/bin/../lib/gcc/arm-none-eabi/10.3.1/thumb/v7e-m+fp/hard/crtbegin.o
LOAD c:/users/dmn/.eclipse/com.st.stm32cube.ide.mcu.rcp.product_1.10.1_227914216_win32_win32_x86_64/plugins/com.st.stm32cube.ide.mcu.externaltools.gnu-tools-for-stm32.10.3-2021.10.win32_1.0.200.202301161003/tools/bin/../lib/gcc/arm-none-eabi/10.3.1/../../../../arm-none-eabi/lib/thumb/v7e-m+fp/hard/crt0.o
LOAD ./Core/Src/main.o
LOAD ./Core/Src/stm32f4xx_hal_msp.o
LOAD ./Core/Src/stm32f4xx_it.o
LOAD ./Core/Src/syscalls.o
LOAD ./Core/Src/sysmem.o
LOAD ./Core/Src/system_stm32f4xx.o
LOAD ./Core/Startup/startup_stm32f401retx.o
LOAD ./Drivers/STM32F4xx_HAL_Driver/Src/stm32f4xx_hal.o
LOAD ./Drivers/STM32F4xx_HAL_Driver/Src/stm32f4xx_hal_cortex.o
LOAD ./Drivers/STM32F4xx_HAL_Driver/Src/stm32f4xx_hal_dma.o
LOAD ./Drivers/STM32F4xx_HAL_Driver/Src/stm32f4xx_hal_dma_ex.o
LOAD ./Drivers/STM32F4xx_HAL_Driver/Src/stm32f4xx_hal_exti.o
LOAD ./Drivers/STM32F4xx_HAL_Driver/Src/stm32f4xx_hal_flash.o
LOAD ./Drivers/STM32F4xx_HAL_Driver/Src/stm32f4xx_hal_flash_ex.o
LOAD ./Drivers/STM32F4xx_HAL_Driver/Src/stm32f4xx_hal_flash_ramfunc.o
LOAD ./Drivers/STM32F4xx_HAL_Driver/Src/stm32f4xx_hal_gpio.o
LOAD ./Drivers/STM32F4xx_HAL_Driver/Src/stm32f4xx_hal_pwr.o
LOAD ./Drivers/STM32F4xx_HAL_Driver/Src/stm32f4xx_hal_pwr_ex.o
LOAD ./Drivers/STM32F4xx_HAL_Driver/Src/stm32f4xx_hal_rcc.o
LOAD ./Drivers/STM32F4xx_HAL_Driver/Src/stm32f4xx_hal_rcc_ex.o
LOAD ./Drivers/STM32F4xx_HAL_Driver/Src/stm32f4xx_hal_tim.o
LOAD ./Drivers/STM32F4xx_HAL_Driver/Src/stm32f4xx_hal_tim_ex.o
START GROUP
LOAD c:/users/dmn/.eclipse/com.st.stm32cube.ide.mcu.rcp.product_1.10.1_227914216_win32_win32_x86_64/plugins/com.st.stm32cube.ide.mcu.externaltools.gnu-tools-for-stm32.10.3-2021.10.win32_1.0.200.202301161003/tools/bin/../lib/gcc/arm-none-eabi/10.3.1/../../../../arm-none-eabi/lib/thumb/v7e-m+fp/hard\libc_nano.a
LOAD c:/users/dmn/.eclipse/com.st.stm32cube.ide.mcu.rcp.product_1.10.1_227914216_win32_win32_x86_64/plugins/com.st.stm32cube.ide.mcu.externaltools.gnu-tools-for-stm32.10.3-2021.10.win32_1.0.200.202301161003/tools/bin/../lib/gcc/arm-none-eabi/10.3.1/../../../../arm-none-eabi/lib/thumb/v7e-m+fp/hard\libm.a
END GROUP
START GROUP
LOAD c:/users/dmn/.eclipse/com.st.stm32cube.ide.mcu.rcp.product_1.10.1_227914216_win32_win32_x86_64/plugins/com.st.stm32cube.ide.mcu.externaltools.gnu-tools-for-stm32.10.3-2021.10.win32_1.0.200.202301161003/tools/bin/../lib/gcc/arm-none-eabi/10.3.1/thumb/v7e-m+fp/hard\libgcc.a
LOAD c:/users/dmn/.eclipse/com.st.stm32cube.ide.mcu.rcp.product_1.10.1_227914216_win32_win32_x86_64/plugins/com.st.stm32cube.ide.mcu.externaltools.gnu-tools-for-stm32.10.3-2021.10.win32_1.0.200.202301161003/tools/bin/../lib/gcc/arm-none-eabi/10.3.1/../../../../arm-none-eabi/lib/thumb/v7e-m+fp/hard\libc_nano.a
END GROUP
START GROUP
LOAD c:/users/dmn/.eclipse/com.st.stm32cube.ide.mcu.rcp.product_1.10.1_227914216_win32_win32_x86_64/plugins/com.st.stm32cube.ide.mcu.externaltools.gnu-tools-for-stm32.10.3-2021.10.win32_1.0.200.202301161003/tools/bin/../lib/gcc/arm-none-eabi/10.3.1/thumb/v7e-m+fp/hard\libgcc.a
LOAD c:/users/dmn/.eclipse/com.st.stm32cube.ide.mcu.rcp.product_1.10.1_227914216_win32_win32_x86_64/plugins/com.st.stm32cube.ide.mcu.externaltools.gnu-tools-for-stm32.10.3-2021.10.win32_1.0.200.202301161003/tools/bin/../lib/gcc/arm-none-eabi/10.3.1/../../../../arm-none-eabi/lib/thumb/v7e-m+fp/hard\libc_nano.a
LOAD c:/users/dmn/.eclipse/com.st.stm32cube.ide.mcu.rcp.product_1.10.1_227914216_win32_win32_x86_64/plugins/com.st.stm32cube.ide.mcu.externaltools.gnu-tools-for-stm32.10.3-2021.10.win32_1.0.200.202301161003/tools/bin/../lib/gcc/arm-none-eabi/10.3.1/../../../../arm-none-eabi/lib/thumb/v7e-m+fp/hard\libnosys.a
END GROUP
START GROUP
LOAD c:/users/dmn/.eclipse/com.st.stm32cube.ide.mcu.rcp.product_1.10.1_227914216_win32_win32_x86_64/plugins/com.st.stm32cube.ide.mcu.externaltools.gnu-tools-for-stm32.10.3-2021.10.win32_1.0.200.202301161003/tools/bin/../lib/gcc/arm-none-eabi/10.3.1/thumb/v7e-m+fp/hard\libgcc.a
LOAD c:/users/dmn/.eclipse/com.st.stm32cube.ide.mcu.rcp.product_1.10.1_227914216_win32_win32_x86_64/plugins/com.st.stm32cube.ide.mcu.externaltools.gnu-tools-for-stm32.10.3-2021.10.win32_1.0.200.202301161003/tools/bin/../lib/gcc/arm-none-eabi/10.3.1/../../../../arm-none-eabi/lib/thumb/v7e-m+fp/hard\libc_nano.a
LOAD c:/users/dmn/.eclipse/com.st.stm32cube.ide.mcu.rcp.product_1.10.1_227914216_win32_win32_x86_64/plugins/com.st.stm32cube.ide.mcu.externaltools.gnu-tools-for-stm32.10.3-2021.10.win32_1.0.200.202301161003/tools/bin/../lib/gcc/arm-none-eabi/10.3.1/../../../../arm-none-eabi/lib/thumb/v7e-m+fp/hard\libnosys.a
END GROUP
LOAD c:/users/dmn/.eclipse/com.st.stm32cube.ide.mcu.rcp.product_1.10.1_227914216_win32_win32_x86_64/plugins/com.st.stm32cube.ide.mcu.externaltools.gnu-tools-for-stm32.10.3-2021.10.win32_1.0.200.202301161003/tools/bin/../lib/gcc/arm-none-eabi/10.3.1/thumb/v7e-m+fp/hard/crtend.o
LOAD c:/users/dmn/.eclipse/com.st.stm32cube.ide.mcu.rcp.product_1.10.1_227914216_win32_win32_x86_64/plugins/com.st.stm32cube.ide.mcu.externaltools.gnu-tools-for-stm32.10.3-2021.10.win32_1.0.200.202301161003/tools/bin/../lib/gcc/arm-none-eabi/10.3.1/thumb/v7e-m+fp/hard/crtn.o
                0x0000000020018000                _estack = (ORIGIN (RAM) + LENGTH (RAM))
                0x0000000000000200                _Min_Heap_Size = 0x200
                0x0000000000000400                _Min_Stack_Size = 0x400

.isr_vector     0x0000000008000000      0x194
                0x0000000008000000                . = ALIGN (0x4)
 *(.isr_vector)
 .isr_vector    0x0000000008000000      0x194 ./Core/Startup/startup_stm32f401retx.o
                0x0000000008000000                g_pfnVectors
                0x0000000008000194                . = ALIGN (0x4)

.text           0x0000000008000194      0x29c
                0x0000000008000194                . = ALIGN (0x4)
 *(.text)
 .text          0x0000000008000194       0x40 c:/users/dmn/.eclipse/com.st.stm32cube.ide.mcu.rcp.product_1.10.1_227914216_win32_win32_x86_64/plugins/com.st.stm32cube.ide.mcu.externaltools.gnu-tools-for-stm32.10.3-2021.10.win32_1.0.200.202301161003/tools/bin/../lib/gcc/arm-none-eabi/10.3.1/thumb/v7e-m+fp/hard/crtbegin.o
 *(.text*)
 .text.main     0x00000000080001d4      0x108 ./Core/Src/main.o
                0x00000000080001d4                main
 .text.NMI_Handler
                0x00000000080002dc        0x6 ./Core/Src/stm32f4xx_it.o
                0x00000000080002dc                NMI_Handler
 .text.HardFault_Handler
                0x00000000080002e2        0x6 ./Core/Src/stm32f4xx_it.o
                0x00000000080002e2                HardFault_Handler
 .text.MemManage_Handler
                0x00000000080002e8        0x6 ./Core/Src/stm32f4xx_it.o
                0x00000000080002e8                MemManage_Handler
 .text.BusFault_Handler
                0x00000000080002ee        0x6 ./Core/Src/stm32f4xx_it.o
                0x00000000080002ee                BusFault_Handler
 .text.UsageFault_Handler
                0x00000000080002f4        0x6 ./Core/Src/stm32f4xx_it.o
                0x00000000080002f4                UsageFault_Handler
 .text.SVC_Handler
                0x00000000080002fa        0xe ./Core/Src/stm32f4xx_it.o
                0x00000000080002fa                SVC_Handler
 .text.DebugMon_Handler
                0x0000000008000308        0xe ./Core/Src/stm32f4xx_it.o
                0x0000000008000308                DebugMon_Handler
 .text.PendSV_Handler
                0x0000000008000316        0xe ./Core/Src/stm32f4xx_it.o
                0x0000000008000316                PendSV_Handler
 .text.SysTick_Handler
                0x0000000008000324        0xc ./Core/Src/stm32f4xx_it.o
                0x0000000008000324                SysTick_Handler
 .text.SystemInit
                0x0000000008000330       0x24 ./Core/Src/system_stm32f4xx.o
                0x0000000008000330                SystemInit
 .text.Reset_Handler
                0x0000000008000354       0x50 ./Core/Startup/startup_stm32f401retx.o
                0x0000000008000354                Reset_Handler
 .text.Default_Handler
                0x00000000080003a4        0x2 ./Core/Startup/startup_stm32f401retx.o
                0x00000000080003a4                RTC_Alarm_IRQHandler
                0x00000000080003a4                EXTI2_IRQHandler
                0x00000000080003a4                SPI4_IRQHandler
                0x00000000080003a4                TIM1_CC_IRQHandler
                0x00000000080003a4                DMA2_Stream5_IRQHandler
                0x00000000080003a4                DMA1_Stream5_IRQHandler
                0x00000000080003a4                PVD_IRQHandler
                0x00000000080003a4                SDIO_IRQHandler
                0x00000000080003a4                TAMP_STAMP_IRQHandler
                0x00000000080003a4                EXTI3_IRQHandler
                0x00000000080003a4                TIM1_UP_TIM10_IRQHandler
                0x00000000080003a4                I2C3_ER_IRQHandler
                0x00000000080003a4                EXTI0_IRQHandler
                0x00000000080003a4                I2C2_EV_IRQHandler
                0x00000000080003a4                DMA1_Stream2_IRQHandler
                0x00000000080003a4                FPU_IRQHandler
                0x00000000080003a4                DMA2_Stream2_IRQHandler
                0x00000000080003a4                SPI1_IRQHandler
                0x00000000080003a4                TIM1_BRK_TIM9_IRQHandler
                0x00000000080003a4                DMA2_Stream3_IRQHandler
                0x00000000080003a4                USART6_IRQHandler
                0x00000000080003a4                DMA2_Stream0_IRQHandler
                0x00000000080003a4                TIM4_IRQHandler
                0x00000000080003a4                I2C1_EV_IRQHandler
                0x00000000080003a4                DMA1_Stream6_IRQHandler
                0x00000000080003a4                DMA1_Stream1_IRQHandler
                0x00000000080003a4                TIM3_IRQHandler
                0x00000000080003a4                RCC_IRQHandler
                0x00000000080003a4                Default_Handler
                0x00000000080003a4                EXTI15_10_IRQHandler
                0x00000000080003a4                ADC_IRQHandler
                0x00000000080003a4                DMA1_Stream7_IRQHandler
                0x00000000080003a4                TIM5_IRQHandler
                0x00000000080003a4                DMA2_Stream7_IRQHandler
                0x00000000080003a4                I2C3_EV_IRQHandler
                0x00000000080003a4                EXTI9_5_IRQHandler
                0x00000000080003a4                RTC_WKUP_IRQHandler
                0x00000000080003a4                SPI2_IRQHandler
                0x00000000080003a4                DMA1_Stream0_IRQHandler
                0x00000000080003a4                EXTI4_IRQHandler
                0x00000000080003a4                WWDG_IRQHandler
                0x00000000080003a4                TIM2_IRQHandler
                0x00000000080003a4                OTG_FS_WKUP_IRQHandler
                0x00000000080003a4                TIM1_TRG_COM_TIM11_IRQHandler
                0x00000000080003a4                EXTI1_IRQHandler
                0x00000000080003a4                USART2_IRQHandler
                0x00000000080003a4                I2C2_ER_IRQHandler
                0x00000000080003a4                DMA2_Stream1_IRQHandler
                0x00000000080003a4                FLASH_IRQHandler
                0x00000000080003a4                DMA2_Stream4_IRQHandler
                0x00000000080003a4                USART1_IRQHandler
                0x00000000080003a4                OTG_FS_IRQHandler
                0x00000000080003a4                SPI3_IRQHandler
                0x00000000080003a4                DMA1_Stream4_IRQHandler
                0x00000000080003a4                I2C1_ER_IRQHandler
                0x00000000080003a4                DMA2_Stream6_IRQHandler
                0x00000000080003a4                DMA1_Stream3_IRQHandler
 *fill*         0x00000000080003a6        0x2 
 .text.HAL_IncTick
                0x00000000080003a8       0x28 ./Drivers/STM32F4xx_HAL_Driver/Src/stm32f4xx_hal.o
                0x00000000080003a8                HAL_IncTick
 .text.__libc_init_array
                0x00000000080003d0       0x48 c:/users/dmn/.eclipse/com.st.stm32cube.ide.mcu.rcp.product_1.10.1_227914216_win32_win32_x86_64/plugins/com.st.stm32cube.ide.mcu.externaltools.gnu-tools-for-stm32.10.3-2021.10.win32_1.0.200.202301161003/tools/bin/../lib/gcc/arm-none-eabi/10.3.1/../../../../arm-none-eabi/lib/thumb/v7e-m+fp/hard\libc_nano.a(lib_a-init.o)
                0x00000000080003d0                __libc_init_array
 *(.glue_7)
 .glue_7        0x0000000008000418        0x0 linker stubs
 *(.glue_7t)
 .glue_7t       0x0000000008000418        0x0 linker stubs
 *(.eh_frame)
 .eh_frame      0x0000000008000418        0x0 c:/users/dmn/.eclipse/com.st.stm32cube.ide.mcu.rcp.product_1.10.1_227914216_win32_win32_x86_64/plugins/com.st.stm32cube.ide.mcu.externaltools.gnu-tools-for-stm32.10.3-2021.10.win32_1.0.200.202301161003/tools/bin/../lib/gcc/arm-none-eabi/10.3.1/thumb/v7e-m+fp/hard/crtbegin.o
 *(.init)
 .init          0x0000000008000418        0x4 c:/users/dmn/.eclipse/com.st.stm32cube.ide.mcu.rcp.product_1.10.1_227914216_win32_win32_x86_64/plugins/com.st.stm32cube.ide.mcu.externaltools.gnu-tools-for-stm32.10.3-2021.10.win32_1.0.200.202301161003/tools/bin/../lib/gcc/arm-none-eabi/10.3.1/thumb/v7e-m+fp/hard/crti.o
                0x0000000008000418                _init
 .init          0x000000000800041c        0x8 c:/users/dmn/.eclipse/com.st.stm32cube.ide.mcu.rcp.product_1.10.1_227914216_win32_win32_x86_64/plugins/com.st.stm32cube.ide.mcu.externaltools.gnu-tools-for-stm32.10.3-2021.10.win32_1.0.200.202301161003/tools/bin/../lib/gcc/arm-none-eabi/10.3.1/thumb/v7e-m+fp/hard/crtn.o
 *(.fini)
 .fini          0x0000000008000424        0x4 c:/users/dmn/.eclipse/com.st.stm32cube.ide.mcu.rcp.product_1.10.1_227914216_win32_win32_x86_64/plugins/com.st.stm32cube.ide.mcu.externaltools.gnu-tools-for-stm32.10.3-2021.10.win32_1.0.200.202301161003/tools/bin/../lib/gcc/arm-none-eabi/10.3.1/thumb/v7e-m+fp/hard/crti.o
                0x0000000008000424                _fini
 .fini          0x0000000008000428        0x8 c:/users/dmn/.eclipse/com.st.stm32cube.ide.mcu.rcp.product_1.10.1_227914216_win32_win32_x86_64/plugins/com.st.stm32cube.ide.mcu.externaltools.gnu-tools-for-stm32.10.3-2021.10.win32_1.0.200.202301161003/tools/bin/../lib/gcc/arm-none-eabi/10.3.1/thumb/v7e-m+fp/hard/crtn.o
                0x0000000008000430                . = ALIGN (0x4)
                0x0000000008000430                _etext = .

.vfp11_veneer   0x0000000008000430        0x0
 .vfp11_veneer  0x0000000008000430        0x0 linker stubs

.v4_bx          0x0000000008000430        0x0
 .v4_bx         0x0000000008000430        0x0 linker stubs

.iplt           0x0000000008000430        0x0
 .iplt          0x0000000008000430        0x0 c:/users/dmn/.eclipse/com.st.stm32cube.ide.mcu.rcp.product_1.10.1_227914216_win32_win32_x86_64/plugins/com.st.stm32cube.ide.mcu.externaltools.gnu-tools-for-stm32.10.3-2021.10.win32_1.0.200.202301161003/tools/bin/../lib/gcc/arm-none-eabi/10.3.1/thumb/v7e-m+fp/hard/crtbegin.o

.rel.dyn        0x0000000008000430        0x0
 .rel.iplt      0x0000000008000430        0x0 c:/users/dmn/.eclipse/com.st.stm32cube.ide.mcu.rcp.product_1.10.1_227914216_win32_win32_x86_64/plugins/com.st.stm32cube.ide.mcu.externaltools.gnu-tools-for-stm32.10.3-2021.10.win32_1.0.200.202301161003/tools/bin/../lib/gcc/arm-none-eabi/10.3.1/thumb/v7e-m+fp/hard/crtbegin.o

.rodata         0x0000000008000430        0x0
                0x0000000008000430                . = ALIGN (0x4)
 *(.rodata)
 *(.rodata*)
                0x0000000008000430                . = ALIGN (0x4)

.ARM.extab      0x0000000008000430        0x0
                0x0000000008000430                . = ALIGN (0x4)
 *(.ARM.extab* .gnu.linkonce.armextab.*)
                0x0000000008000430                . = ALIGN (0x4)

.ARM            0x0000000008000430        0x0
                0x0000000008000430                . = ALIGN (0x4)
                0x0000000008000430                __exidx_start = .
 *(.ARM.exidx*)
                0x0000000008000430                __exidx_end = .
                0x0000000008000430                . = ALIGN (0x4)

.preinit_array  0x0000000008000430        0x0
                0x0000000008000430                . = ALIGN (0x4)
                0x0000000008000430                PROVIDE (__preinit_array_start = .)
 *(.preinit_array*)
                0x0000000008000430                PROVIDE (__preinit_array_end = .)
                0x0000000008000430                . = ALIGN (0x4)

.init_array     0x0000000008000430        0x4
                0x0000000008000430                . = ALIGN (0x4)
                0x0000000008000430                PROVIDE (__init_array_start = .)
 *(SORT_BY_NAME(.init_array.*))
 *(.init_array*)
 .init_array    0x0000000008000430        0x4 c:/users/dmn/.eclipse/com.st.stm32cube.ide.mcu.rcp.product_1.10.1_227914216_win32_win32_x86_64/plugins/com.st.stm32cube.ide.mcu.externaltools.gnu-tools-for-stm32.10.3-2021.10.win32_1.0.200.202301161003/tools/bin/../lib/gcc/arm-none-eabi/10.3.1/thumb/v7e-m+fp/hard/crtbegin.o
                0x0000000008000434                PROVIDE (__init_array_end = .)
                0x0000000008000434                . = ALIGN (0x4)

.fini_array     0x0000000008000434        0x4
                0x0000000008000434                . = ALIGN (0x4)
                [!provide]                        PROVIDE (__fini_array_start = .)
 *(SORT_BY_NAME(.fini_array.*))
 *(.fini_array*)
 .fini_array    0x0000000008000434        0x4 c:/users/dmn/.eclipse/com.st.stm32cube.ide.mcu.rcp.product_1.10.1_227914216_win32_win32_x86_64/plugins/com.st.stm32cube.ide.mcu.externaltools.gnu-tools-for-stm32.10.3-2021.10.win32_1.0.200.202301161003/tools/bin/../lib/gcc/arm-none-eabi/10.3.1/thumb/v7e-m+fp/hard/crtbegin.o
                [!provide]                        PROVIDE (__fini_array_end = .)
                0x0000000008000438                . = ALIGN (0x4)
                0x0000000008000438                _sidata = LOADADDR (.data)

.data           0x0000000020000000        0x4 load address 0x0000000008000438
                0x0000000020000000                . = ALIGN (0x4)
                0x0000000020000000                _sdata = .
 *(.data)
 *(.data*)
 .data.uwTickFreq
                0x0000000020000000        0x1 ./Drivers/STM32F4xx_HAL_Driver/Src/stm32f4xx_hal.o
                0x0000000020000000                uwTickFreq
 *(.RamFunc)
 *(.RamFunc*)
                0x0000000020000004                . = ALIGN (0x4)
 *fill*         0x0000000020000001        0x3 
                0x0000000020000004                _edata = .

.igot.plt       0x0000000020000004        0x0 load address 0x000000000800043c
 .igot.plt      0x0000000020000004        0x0 c:/users/dmn/.eclipse/com.st.stm32cube.ide.mcu.rcp.product_1.10.1_227914216_win32_win32_x86_64/plugins/com.st.stm32cube.ide.mcu.externaltools.gnu-tools-for-stm32.10.3-2021.10.win32_1.0.200.202301161003/tools/bin/../lib/gcc/arm-none-eabi/10.3.1/thumb/v7e-m+fp/hard/crtbegin.o
                0x0000000020000004                . = ALIGN (0x4)

.bss            0x0000000020000004       0x20 load address 0x000000000800043c
                0x0000000020000004                _sbss = .
                0x0000000020000004                __bss_start__ = _sbss
 *(.bss)
 .bss           0x0000000020000004       0x1c c:/users/dmn/.eclipse/com.st.stm32cube.ide.mcu.rcp.product_1.10.1_227914216_win32_win32_x86_64/plugins/com.st.stm32cube.ide.mcu.externaltools.gnu-tools-for-stm32.10.3-2021.10.win32_1.0.200.202301161003/tools/bin/../lib/gcc/arm-none-eabi/10.3.1/thumb/v7e-m+fp/hard/crtbegin.o
 *(.bss*)
 .bss.uwTick    0x0000000020000020        0x4 ./Drivers/STM32F4xx_HAL_Driver/Src/stm32f4xx_hal.o
                0x0000000020000020                uwTick
 *(COMMON)
                0x0000000020000024                . = ALIGN (0x4)
                0x0000000020000024                _ebss = .
                0x0000000020000024                __bss_end__ = _ebss

._user_heap_stack
                0x0000000020000024      0x604 load address 0x000000000800043c
                0x0000000020000028                . = ALIGN (0x8)
 *fill*         0x0000000020000024        0x4 
                [!provide]                        PROVIDE (end = .)
                0x0000000020000028                PROVIDE (_end = .)
                0x0000000020000228                . = (. + _Min_Heap_Size)
 *fill*         0x0000000020000028      0x200 
                0x0000000020000628                . = (. + _Min_Stack_Size)
 *fill*         0x0000000020000228      0x400 
                0x0000000020000628                . = ALIGN (0x8)

/DISCARD/
 libc.a(*)
 libm.a(*)
 libgcc.a(*)

.ARM.attributes
                0x0000000000000000       0x30
 *(.ARM.attributes)
 .ARM.attributes
                0x0000000000000000       0x1e c:/users/dmn/.eclipse/com.st.stm32cube.ide.mcu.rcp.product_1.10.1_227914216_win32_win32_x86_64/plugins/com.st.stm32cube.ide.mcu.externaltools.gnu-tools-for-stm32.10.3-2021.10.win32_1.0.200.202301161003/tools/bin/../lib/gcc/arm-none-eabi/10.3.1/thumb/v7e-m+fp/hard/crti.o
 .ARM.attributes
                0x000000000000001e       0x34 c:/users/dmn/.eclipse/com.st.stm32cube.ide.mcu.rcp.product_1.10.1_227914216_win32_win32_x86_64/plugins/com.st.stm32cube.ide.mcu.externaltools.gnu-tools-for-stm32.10.3-2021.10.win32_1.0.200.202301161003/tools/bin/../lib/gcc/arm-none-eabi/10.3.1/thumb/v7e-m+fp/hard/crtbegin.o
 .ARM.attributes
                0x0000000000000052       0x34 ./Core/Src/main.o
 .ARM.attributes
                0x0000000000000086       0x34 ./Core/Src/stm32f4xx_it.o
 .ARM.attributes
                0x00000000000000ba       0x34 ./Core/Src/system_stm32f4xx.o
 .ARM.attributes
                0x00000000000000ee       0x21 ./Core/Startup/startup_stm32f401retx.o
 .ARM.attributes
                0x000000000000010f       0x34 ./Drivers/STM32F4xx_HAL_Driver/Src/stm32f4xx_hal.o
 .ARM.attributes
                0x0000000000000143       0x34 c:/users/dmn/.eclipse/com.st.stm32cube.ide.mcu.rcp.product_1.10.1_227914216_win32_win32_x86_64/plugins/com.st.stm32cube.ide.mcu.externaltools.gnu-tools-for-stm32.10.3-2021.10.win32_1.0.200.202301161003/tools/bin/../lib/gcc/arm-none-eabi/10.3.1/../../../../arm-none-eabi/lib/thumb/v7e-m+fp/hard\libc_nano.a(lib_a-init.o)
 .ARM.attributes
                0x0000000000000177       0x1e c:/users/dmn/.eclipse/com.st.stm32cube.ide.mcu.rcp.product_1.10.1_227914216_win32_win32_x86_64/plugins/com.st.stm32cube.ide.mcu.externaltools.gnu-tools-for-stm32.10.3-2021.10.win32_1.0.200.202301161003/tools/bin/../lib/gcc/arm-none-eabi/10.3.1/thumb/v7e-m+fp/hard/crtn.o
OUTPUT(Fade.elf elf32-littlearm)
LOAD linker stubs
LOAD c:/users/dmn/.eclipse/com.st.stm32cube.ide.mcu.rcp.product_1.10.1_227914216_win32_win32_x86_64/plugins/com.st.stm32cube.ide.mcu.externaltools.gnu-tools-for-stm32.10.3-2021.10.win32_1.0.200.202301161003/tools/bin/../lib/gcc/arm-none-eabi/10.3.1/../../../../arm-none-eabi/lib/thumb/v7e-m+fp/hard\libc.a
LOAD c:/users/dmn/.eclipse/com.st.stm32cube.ide.mcu.rcp.product_1.10.1_227914216_win32_win32_x86_64/plugins/com.st.stm32cube.ide.mcu.externaltools.gnu-tools-for-stm32.10.3-2021.10.win32_1.0.200.202301161003/tools/bin/../lib/gcc/arm-none-eabi/10.3.1/../../../../arm-none-eabi/lib/thumb/v7e-m+fp/hard\libm.a
LOAD c:/users/dmn/.eclipse/com.st.stm32cube.ide.mcu.rcp.product_1.10.1_227914216_win32_win32_x86_64/plugins/com.st.stm32cube.ide.mcu.externaltools.gnu-tools-for-stm32.10.3-2021.10.win32_1.0.200.202301161003/tools/bin/../lib/gcc/arm-none-eabi/10.3.1/thumb/v7e-m+fp/hard\libgcc.a

.debug_info     0x0000000000000000     0x1445
 .debug_info    0x0000000000000000      0x4ad ./Core/Src/main.o
 .debug_info    0x00000000000004ad      0x121 ./Core/Src/stm32f4xx_it.o
 .debug_info    0x00000000000005ce      0x54f ./Core/Src/system_stm32f4xx.o
 .debug_info    0x0000000000000b1d       0x22 ./Core/Startup/startup_stm32f401retx.o
 .debug_info    0x0000000000000b3f      0x906 ./Drivers/STM32F4xx_HAL_Driver/Src/stm32f4xx_hal.o

.debug_abbrev   0x0000000000000000      0x4a3
 .debug_abbrev  0x0000000000000000       0xc9 ./Core/Src/main.o
 .debug_abbrev  0x00000000000000c9       0x74 ./Core/Src/stm32f4xx_it.o
 .debug_abbrev  0x000000000000013d      0x116 ./Core/Src/system_stm32f4xx.o
 .debug_abbrev  0x0000000000000253       0x12 ./Core/Startup/startup_stm32f401retx.o
 .debug_abbrev  0x0000000000000265      0x23e ./Drivers/STM32F4xx_HAL_Driver/Src/stm32f4xx_hal.o

.debug_aranges  0x0000000000000000      0x1c0
 .debug_aranges
                0x0000000000000000       0x20 ./Core/Src/main.o
 .debug_aranges
                0x0000000000000020       0x60 ./Core/Src/stm32f4xx_it.o
 .debug_aranges
                0x0000000000000080       0x28 ./Core/Src/system_stm32f4xx.o
 .debug_aranges
                0x00000000000000a8       0x28 ./Core/Startup/startup_stm32f401retx.o
 .debug_aranges
                0x00000000000000d0       0xf0 ./Drivers/STM32F4xx_HAL_Driver/Src/stm32f4xx_hal.o

.debug_ranges   0x0000000000000000      0x178
 .debug_ranges  0x0000000000000000       0x10 ./Core/Src/main.o
 .debug_ranges  0x0000000000000010       0x50 ./Core/Src/stm32f4xx_it.o
 .debug_ranges  0x0000000000000060       0x18 ./Core/Src/system_stm32f4xx.o
 .debug_ranges  0x0000000000000078       0x20 ./Core/Startup/startup_stm32f401retx.o
 .debug_ranges  0x0000000000000098       0xe0 ./Drivers/STM32F4xx_HAL_Driver/Src/stm32f4xx_hal.o

.debug_macro    0x0000000000000000    0x14448
 .debug_macro   0x0000000000000000      0x1ce ./Core/Src/main.o
 .debug_macro   0x00000000000001ce      0xa78 ./Core/Src/main.o
 .debug_macro   0x0000000000000c46      0x295 ./Core/Src/main.o
 .debug_macro   0x0000000000000edb       0x2e ./Core/Src/main.o
 .debug_macro   0x0000000000000f09       0x28 ./Core/Src/main.o
 .debug_macro   0x0000000000000f31       0x22 ./Core/Src/main.o
 .debug_macro   0x0000000000000f53       0x8e ./Core/Src/main.o
 .debug_macro   0x0000000000000fe1       0x51 ./Core/Src/main.o
 .debug_macro   0x0000000000001032      0x103 ./Core/Src/main.o
 .debug_macro   0x0000000000001135       0x6a ./Core/Src/main.o
 .debug_macro   0x000000000000119f      0x1df ./Core/Src/main.o
 .debug_macro   0x000000000000137e       0x1c ./Core/Src/main.o
 .debug_macro   0x000000000000139a       0x22 ./Core/Src/main.o
 .debug_macro   0x00000000000013bc       0xd9 ./Core/Src/main.o
 .debug_macro   0x0000000000001495     0x102d ./Core/Src/main.o
 .debug_macro   0x00000000000024c2      0x11f ./Core/Src/main.o
 .debug_macro   0x00000000000025e1     0xb86c ./Core/Src/main.o
 .debug_macro   0x000000000000de4d       0x6d ./Core/Src/main.o
 .debug_macro   0x000000000000deba     0x367e ./Core/Src/main.o
 .debug_macro   0x0000000000011538      0x174 ./Core/Src/main.o
 .debug_macro   0x00000000000116ac       0x5c ./Core/Src/main.o
 .debug_macro   0x0000000000011708      0x416 ./Core/Src/main.o
 .debug_macro   0x0000000000011b1e      0x9fe ./Core/Src/main.o
 .debug_macro   0x000000000001251c      0x115 ./Core/Src/main.o
 .debug_macro   0x0000000000012631       0xf8 ./Core/Src/main.o
 .debug_macro   0x0000000000012729       0xa5 ./Core/Src/main.o
 .debug_macro   0x00000000000127ce      0x15f ./Core/Src/main.o
 .debug_macro   0x000000000001292d      0x287 ./Core/Src/main.o
 .debug_macro   0x0000000000012bb4       0x5f ./Core/Src/main.o
 .debug_macro   0x0000000000012c13      0x236 ./Core/Src/main.o
 .debug_macro   0x0000000000012e49      0x132 ./Core/Src/main.o
 .debug_macro   0x0000000000012f7b      0x264 ./Core/Src/main.o
 .debug_macro   0x00000000000131df       0x2e ./Core/Src/main.o
 .debug_macro   0x000000000001320d      0x11a ./Core/Src/main.o
 .debug_macro   0x0000000000013327       0x85 ./Core/Src/main.o
 .debug_macro   0x00000000000133ac       0x89 ./Core/Src/main.o
 .debug_macro   0x0000000000013435      0x8e6 ./Core/Src/main.o
 .debug_macro   0x0000000000013d1b       0x47 ./Core/Src/main.o
 .debug_macro   0x0000000000013d62      0x126 ./Core/Src/main.o
 .debug_macro   0x0000000000013e88      0x1d8 ./Core/Src/stm32f4xx_it.o
 .debug_macro   0x0000000000014060      0x1c4 ./Core/Src/system_stm32f4xx.o
 .debug_macro   0x0000000000014224      0x224 ./Drivers/STM32F4xx_HAL_Driver/Src/stm32f4xx_hal.o

.debug_line     0x0000000000000000     0x25a8
 .debug_line    0x0000000000000000      0x88d ./Core/Src/main.o
 .debug_line    0x000000000000088d      0x8e5 ./Core/Src/stm32f4xx_it.o
 .debug_line    0x0000000000001172      0x8a4 ./Core/Src/system_stm32f4xx.o
 .debug_line    0x0000000000001a16       0x88 ./Core/Startup/startup_stm32f401retx.o
 .debug_line    0x0000000000001a9e      0xb0a ./Drivers/STM32F4xx_HAL_Driver/Src/stm32f4xx_hal.o

.debug_str      0x0000000000000000    0x84a4a
 .debug_str     0x0000000000000000    0x83e5a ./Core/Src/main.o
                                      0x840f8 (size before relaxing)
 .debug_str     0x0000000000083e5a       0xc9 ./Core/Src/stm32f4xx_it.o
                                      0x84010 (size before relaxing)
 .debug_str     0x0000000000083f23       0xe5 ./Core/Src/system_stm32f4xx.o
                                      0x8414c (size before relaxing)
 .debug_str     0x0000000000084008       0x36 ./Core/Startup/startup_stm32f401retx.o
                                         0x60 (size before relaxing)
 .debug_str     0x000000000008403e      0xa0c ./Drivers/STM32F4xx_HAL_Driver/Src/stm32f4xx_hal.o
                                      0x84b6e (size before relaxing)

.comment        0x0000000000000000       0x50
 .comment       0x0000000000000000       0x50 ./Core/Src/main.o
                                         0x51 (size before relaxing)
 .comment       0x0000000000000050       0x51 ./Core/Src/stm32f4xx_it.o
 .comment       0x0000000000000050       0x51 ./Core/Src/system_stm32f4xx.o
 .comment       0x0000000000000050       0x51 ./Drivers/STM32F4xx_HAL_Driver/Src/stm32f4xx_hal.o

.debug_frame    0x0000000000000000      0x528
 .debug_frame   0x0000000000000000       0x2c ./Core/Src/main.o
 .debug_frame   0x000000000000002c      0x104 ./Core/Src/stm32f4xx_it.o
 .debug_frame   0x0000000000000130       0x58 ./Core/Src/system_stm32f4xx.o
 .debug_frame   0x0000000000000188      0x374 ./Drivers/STM32F4xx_HAL_Driver/Src/stm32f4xx_hal.o
 .debug_frame   0x00000000000004fc       0x2c c:/users/dmn/.eclipse/com.st.stm32cube.ide.mcu.rcp.product_1.10.1_227914216_win32_win32_x86_64/plugins/com.st.stm32cube.ide.mcu.externaltools.gnu-tools-for-stm32.10.3-2021.10.win32_1.0.200.202301161003/tools/bin/../lib/gcc/arm-none-eabi/10.3.1/../../../../arm-none-eabi/lib/thumb/v7e-m+fp/hard\libc_nano.a(lib_a-init.o)
